// Vitest Snapshot v1, https://vitest.dev/guide/snapshot.html

exports[`DefaultLayout > renders the component 1`] = `
<DocumentFragment>
  <div
    class="_container_98e832"
    data-testid="page"
  />
</DocumentFragment>
`;
