// Vitest Snapshot v1, https://vitest.dev/guide/snapshot.html

exports[`PopularItem > renders the component 1`] = `
<DocumentFragment>
  <div
    class="_container_0cedfc"
  >
    <img
      alt="A Fake Title"
      src="http://a.b"
    />
    <div>
      <h4>
        A Fake Title
      </h4>
      <p>
        <svg
          aria-hidden="true"
          class="svg-inline--fa fa-location-pin "
          data-icon="location-pin"
          data-prefix="fas"
          focusable="false"
          role="img"
          viewBox="0 0 384 512"
          xmlns="http://www.w3.org/2000/svg"
        >
          <path
            d="M384 192c0 87.4-117 243-168.3 307.2c-12.3 15.3-35.1 15.3-47.4 0C117 435 0 279.4 0 192C0 86 86 0 192 0S384 86 384 192z"
            fill="currentColor"
          />
        </svg>
        <span>
          Sydney, Australia
        </span>
      </p>
    </div>
  </div>
</DocumentFragment>
`;
